
> g2-adaptaclass-puce-2026@0.0.0 build
> tsc -b && vite build

[36mvite v8.0.11 [32mbuilding client environment for production...[36m[39m
[2K
transforming...Ô£ô 19 modules transformed.
node.exe : [31mÔ£ù[39m Build failed in 537ms
At line:1 char:1
+ & "C:\Program Files\nodejs/node.exe" "C:\Program Files\nodejs/node_mo ...
+ ~~~~~~~~~~~~~~~~~~~~~~~~~~~~~~~~~~~~~~~~~~~~~~~~~~~~~~~~~~~~~~~~~~~~~
    + CategoryInfo          : NotSpecified: ([31mÔ£ù[39m Build failed in 537ms:String) [], RemoteException
    + FullyQualifiedErrorId : NativeCommandError
 
[31merror during build:
[31mBuild failed with 1 error:

[plugin vite:css] C:/Users/USUARIO/G2-AdaptaClass-puce-2026/src/index.css:undefined:NaN
Error: [postcss] It looks like you're trying to use `tailwindcss` directly as a PostCSS plugin. The PostCSS plugin has 
moved to a separate package, so to continue using Tailwind CSS with PostCSS you'll need to install 
`@tailwindcss/postcss` and update your PostCSS configuration.
    at ft (C:\Users\USUARIO\G2-AdaptaClass-puce-2026\node_modules\tailwindcss\dist\lib.js:38:1643)
    at LazyResult.runOnRoot (C:\Users\USUARIO\G2-AdaptaClass-puce-2026\node_modules\postcss\lib\lazy-result.js:361:16)
    at LazyResult.runAsync (C:\Users\USUARIO\G2-AdaptaClass-puce-2026\node_modules\postcss\lib\lazy-result.js:290:26)
    at LazyResult.async (C:\Users\USUARIO\G2-AdaptaClass-puce-2026\node_modules\postcss\lib\lazy-result.js:192:30)
    at LazyResult.then (C:\Users\USUARIO\G2-AdaptaClass-puce-2026\node_modules\postcss\lib\lazy-result.js:449:17)[31m
    at aggregateBindingErrorsIntoJsError 
(file:///C:/Users/USUARIO/G2-AdaptaClass-puce-2026/node_modules/rolldown/dist/shared/error-D4ASW9r2.mjs:48:18)
    at unwrapBindingResult 
(file:///C:/Users/USUARIO/G2-AdaptaClass-puce-2026/node_modules/rolldown/dist/shared/error-D4ASW9r2.mjs:18:128)
    at #build (file:///C:/Users/USUARIO/G2-AdaptaClass-puce-2026/node_modules/rolldown/dist/shared/rolldown-build-CorVA
9v1.mjs:3255:34)
    at async buildEnvironment 
(file:///C:/Users/USUARIO/G2-AdaptaClass-puce-2026/node_modules/vite/dist/node/chunks/node.js:33033:64)
    at async Object.build 
(file:///C:/Users/USUARIO/G2-AdaptaClass-puce-2026/node_modules/vite/dist/node/chunks/node.js:33455:19)
    at async Object.buildApp 
(file:///C:/Users/USUARIO/G2-AdaptaClass-puce-2026/node_modules/vite/dist/node/chunks/node.js:33452:153)
    at async CAC.<anonymous> 
(file:///C:/Users/USUARIO/G2-AdaptaClass-puce-2026/node_modules/vite/dist/node/cli.js:778:3) {
  errors: [Getter/Setter]
}[39m
